// Jest Snapshot v1, https://goo.gl/fbAQLP

exports[`HomeScreen should show Hello!! This is HomePage 1`] = `
<View
  style={
    Object {
      "alignItems": "center",
      "backgroundColor": "#fff",
      "flex": 1,
      "justifyContent": "center",
    }
  }
>
  <Text>
    Hello!! This is HomePage!
  </Text>
</View>
`;
