// Jest Snapshot v1, https://goo.gl/fbAQLP

exports[`SettingScreen should find the button via testId 1`] = `
<View
  style={
    Object {
      "alignItems": "center",
      "backgroundColor": "#fff",
      "flex": 1,
      "justifyContent": "center",
    }
  }
>
  <Text>
    Hello!! This is SettingsPage
  </Text>
  <View
    accessible={true}
    focusable={false}
    onClick={[Function]}
    onResponderGrant={[Function]}
    onResponderMove={[Function]}
    onResponderRelease={[Function]}
    onResponderTerminate={[Function]}
    onResponderTerminationRequest={[Function]}
    onStartShouldSetResponder={[Function]}
    style={
      Object {
        "backgroundColor": "#009688",
        "borderRadius": 10,
        "elevation": 8,
        "opacity": 1,
        "paddingHorizontal": 12,
        "paddingVertical": 10,
        "width": "50%",
      }
    }
    testID="logOutButton"
  >
    <Text
      style={
        Object {
          "alignSelf": "center",
          "color": "#fff",
          "fontSize": 18,
          "fontWeight": "bold",
          "textTransform": "uppercase",
        }
      }
    >
      Log out
    </Text>
  </View>
</View>
`;
